<methodResponse>
	<params>
		<param>
			<value>
				<struct>
					<member>
						<name>faultString</name>
						<value>
							<string>ok</string>
						</value>
					</member>
					<member>
						<name>faultCode</name>
						<value>
							<i4>200</i4>
						</value>
					</member>
					<member>
						<name>systemName</name>
						<value>
							<string>my-little-system</string>
						</value>
					</member>
					<member>
						<name>jobs</name>
						<value>
							<struct>
								<member>
									<name>my-job</name>
									<value>
										<struct>
											<member>
												<name>interval</name>
												<value>
													<struct>
														<member>
															<name>daysOfMonth</name>
															<value>
																<string>*</string>
															</value>
														</member>
														<member>
															<name>daysOfWeek</name>
															<value>
																<string>*</string>
															</value>
														</member>

														<member>
															<name>hoursOfDay</name>
															<value>
																<string>*</string>
															</value>
														</member>
																<member>
															<name>minutesOfHour</name>
															<value>
																<string>*</string>
															</value>
														</member>
														<member>
															<name>secondsOfMinute</name>
															<value>
																<string>*</string>
															</value>
														</member>
														<member>
															<name>timeout</name>
															<value>
																<i4>300</i4>
															</value>
														</member>
													</struct>
												</value>
											</member>
											<member>
												<name>maxFailuresAllowedBeforeNotification</name>
												<value>
													<i4>3</i4>
												</value>
											</member>
										</struct>
									</value>
								</member>
							</struct>
						</value>
					</member>
				</struct>
			</value>
		</param>
	</params>
</methodResponse>